// Jest Snapshot v1, https://goo.gl/fbAQLP

exports[`ApplicationsPage Component renders the UI as expected 1`] = `
<div
  class="ApplicationsPage"
>
  <div
    class="top"
  >
    <a
      class="add-app"
      href="/?add=true"
    >
      Add
    </a>
  </div>
  <div
    class="column-headers"
  >
    <div>
      Applied
    </div>
    <div>
      Intro Interview
    </div>
    <div>
      Recruiter Call
    </div>
    <div>
      Sent Follow-up
    </div>
    <div>
      Coding Challenge
    </div>
    <div>
      Sent Follow-up
    </div>
    <div>
      Technical Interview
    </div>
    <div>
      Sent Follow-up
    </div>
    <div>
      Onsite Interview
    </div>
    <div>
      Offer Letter Date
    </div>
  </div>
  <div
    class="columns"
  >
    <div
      class="Column"
    >
      <div
        class="card-container"
      />
    </div>
    <div
      class="Column"
    >
      <div
        class="card-container"
      />
    </div>
    <div
      class="Column"
    >
      <div
        class="card-container"
      />
    </div>
    <div
      class="Column"
    >
      <div
        class="card-container"
      />
    </div>
    <div
      class="Column"
    >
      <div
        class="card-container"
      />
    </div>
    <div
      class="Column"
    >
      <div
        class="card-container"
      />
    </div>
    <div
      class="Column"
    >
      <div
        class="card-container"
      />
    </div>
    <div
      class="Column"
    >
      <div
        class="card-container"
      />
    </div>
    <div
      class="Column"
    >
      <div
        class="card-container"
      />
    </div>
    <div
      class="Column"
    >
      <div
        class="card-container"
      />
    </div>
  </div>
</div>
`;
