// Jest Snapshot v1, https://goo.gl/fbAQLP

exports[`ApplicationsPage Component renders the UI as expected 1`] = `
<div
  className="ApplicationsPage"
>
  <div
    className="columns"
  >
    <Column
      id={0}
      key="0"
      name="Applied"
    />
    <Column
      id={1}
      key="1"
      name="Intro Interview"
    />
    <Column
      id={2}
      key="2"
      name="Recruiter Call"
    />
    <Column
      id={3}
      key="3"
      name="Sent Follow-up"
    />
    <Column
      id={4}
      key="4"
      name="Coding Challenge"
    />
    <Column
      id={5}
      key="5"
      name="Sent Follow-up"
    />
    <Column
      id={6}
      key="6"
      name="Technical Interview"
    />
    <Column
      id={7}
      key="7"
      name="Sent Follow-up"
    />
    <Column
      id={8}
      key="8"
      name="Onsite Interview"
    />
    <Column
      id={9}
      key="9"
      name="Offer Letter Date"
    />
  </div>
  <Route
    path="/application/:appId"
  >
    <LargeCard
      columns={
        Array [
          Object {
            "id": 0,
            "name": "Applied",
          },
          Object {
            "id": 1,
            "name": "Intro Interview",
          },
          Object {
            "id": 2,
            "name": "Recruiter Call",
          },
          Object {
            "id": 3,
            "name": "Sent Follow-up",
          },
          Object {
            "id": 4,
            "name": "Coding Challenge",
          },
          Object {
            "id": 5,
            "name": "Sent Follow-up",
          },
          Object {
            "id": 6,
            "name": "Technical Interview",
          },
          Object {
            "id": 7,
            "name": "Sent Follow-up",
          },
          Object {
            "id": 8,
            "name": "Onsite Interview",
          },
          Object {
            "id": 9,
            "name": "Offer Letter Date",
          },
        ]
      }
    />
  </Route>
</div>
`;
